Microchip MPLAB XC8 Compiler V2.46

Linker command line:

-W-3 \
  --edf=C:\Program Files\Microchip\xc8\v2.46\pic\dat\20240104201356_en.msgs \
  -cn -h+dist/default/debug\2emeALidar_Proc_principal.X.debug.sym \
  --cmf=dist/default/debug\2emeALidar_Proc_principal.X.debug.cmf -z \
  -Q18F47K40 \
  -oC:\Users\ALEXAN~1.ULR\AppData\Local\Temp\xcBses4.1\driver_tmp_3.o \
  --defsym=__MPLAB_BUILD=1 --fixupoverflow=error \
  -Mdist/default/debug/2emeALidar_Proc_principal.X.debug.map \
  --md=C:\Users\ALEXAN~1.ULR\AppData\Local\Temp\xcBses4.1\driver_tmp_0.dat \
  -E1 -ver=XC8 Compiler --acfsm=1493 -ACODE=00h-01FFFFh -ACONST=00h-01FFFFh \
  -ASMALLCONST=0F00h-0FFFhx497 -AMEDIUMCONST=0F00h-0FFFFh,010F00h-01FFFFh \
  -ACOMRAM=01h-05Fh -AABS1=00h-0E87h -ABIGRAM=01h-0E87h \
  -ARAM=060h-0FFh,0100h-01FFhx13,0E00h-0E87h -ABANK0=060h-0FFh \
  -ABANK1=0100h-01FFh -ABANK2=0200h-02FFh -ABANK3=0300h-03FFh \
  -ABANK4=0400h-04FFh -ABANK5=0500h-05FFh -ABANK6=0600h-06FFh \
  -ABANK7=0700h-07FFh -ABANK8=0800h-08FFh -ABANK9=0900h-09FFh \
  -ABANK10=0A00h-0AFFh -ABANK11=0B00h-0BFFh -ABANK12=0C00h-0CFFh \
  -ABANK13=0D00h-0DFFh -ABANK14=0E00h-0E87h \
  -ASFR=0E8Dh-0EFFh,0F00h-0F5Fh,0F60h-0FFFh -ABIGSFR=0E8Dh-0FFFh \
  -ACONFIG=0300000h-030000Bh -AIDLOC=0200000h-020000Fh \
  -AEEDATA=0310000h-03103FFh -peeprom_data=EEDATA \
  -preset_vec=00h,intcode=8h,intcodelo=18h,powerup,init -pramtop=0F00h \
  -psmallconst=SMALLCONST -pmediumconst=MEDIUMCONST -pconst=CONST \
  -AFARRAM=00h-00h \
  -prdata=COMRAM,nvrram=COMRAM,nvbit=COMRAM,rbss=COMRAM,rbit=COMRAM \
  -pfarbss=FARRAM,fardata=FARRAM,nvFARRAM=FARRAM \
  -pintsave_regs=BIGRAM,bigbss=BIGRAM,bigdata=BIGRAM -pbss=RAM \
  -pidata=CODE,irdata=CODE,ibigdata=CODE,ifardata=CODE -prparam=COMRAM \
  C:\Users\ALEXAN~1.ULR\AppData\Local\Temp\xcBses4.1\driver_tmp_9.o \
  dist/default/debug\2emeALidar_Proc_principal.X.debug.o 

Object code version is 3.11

Machine type is 18F47K40



                Name                               Link     Load   Length Selector   Space Scale
C:\Users\ALEXAN~1.ULR\AppData\Local\Temp\xcBses4.1\driver_tmp_9.o
                config                           300000   300000        C        0       4
                init                                B7A      B7A        4        C       0
                reset_vec                             0        0        4        0       0
dist/default/debug\2emeALidar_Proc_principal.X.debug.o
                intcodelo                            18       18      B62        C       0
                intcode                               8        8        6        4       0
                config                           300000   300000        C        0       4
                temp                                 49       49        1        1       1
                mediumconst                        FE72     FE72      18E     7F39       0
                text48                            13F74    13F74       C4     8000       0
                text47                            14516    14516       26     8000       0
                intcode_body                      10792    10792      718     8000       0
                text45                            141B2    141B2       AA     8000       0
                text44                            13D80    13D80       FE     8000       0
                text43                            144E2    144E2       34     8000       0
                text42                            12DF8    12DF8      39C     8000       0
                text41                            1223E    1223E      42C     8000       0
                text40                            14474    14474       38     8000       0
                text39                            11950    11950      4C2     8000       0
                text38                            1432A    1432A       48     8000       0
                text37                            10000    10000      792     8000       0
                text36                            14620    14620       1C     8000       0
                text35                            145C4    145C4       20     8000       0
                text34                            13A64    13A64      10C     8000       0
                text33                            13C78    13C78      108     8000       0
                text32                            13632    13632      1B4     8000       0
                text30                            143FA    143FA       40     8000       0
                text29                            14602    14602       1E     8000       0
                text28                            1469A    1469A        A     8000       0
                text27                            140FA    140FA       B8     8000       0
                text26                            143B8    143B8       42     8000       0
                text25                            144AC    144AC       36     8000       0
                text24                            14372    14372       46     8000       0
                text23                            1453C    1453C       24     8000       0
                text22                            14672    14672       12     8000       0
                text21                            14660    14660       12     8000       0
                text20                            14582    14582       22     8000       0
                text19                            11E12    11E12      42C     8000       0
                text18                            1148E    1148E      4C2     8000       0
                text17                            142E2    142E2       48     8000       0
                text16                            13B70    13B70      108     8000       0
                text15                            1347A    1347A      1B8     8000       0
                text14                            13194    13194      2E6     8000       0
                text13                            145E4    145E4       1E     8000       0
                text12                            14560    14560       22     8000       0
                text11                            13956    13956      10E     8000       0
                text10                            12A5C    12A5C      39C     8000       0
                text9                             1443A    1443A       3A     8000       0
                text8                             1266A    1266A      3F2     8000       0
                text7                             145A4    145A4       20     8000       0
                text6                             137E6    137E6      170     8000       0
                text5                             14690    14690        A     8000       0
                text4                             13E7E    13E7E       F6     8000       0
                text3                             1464E    1464E       12     8000       0
                text2                             14038    14038       C2     8000       0
                text1                             10EAA    10EAA      5E4     8000       0
                text0                             14684    14684        C     8000       0
                cstackCOMRAM                          1        1       32        1       1
                cstackBANK0                          60       60       4B       60       1
                cstackBANK1                         100      100       93      100       1
                dataBANK1                           1C2      1C2        8      100       1
                bssBANK1                            193      193       2F      100       1
                dataBANK0                            D8       D8       12       60       1
                bssBANK0                             AB       AB       2D       60       1
                dataCOMRAM                           47       47        2        1       1
                bssCOMRAM                            33       33       14        1       1
                cinit                             1425C    1425C       86     8000       0
                idataBANK1                        146A4    146A4        8     8000       0
                idataBANK0                        1463C    1463C       12     8000       0
                idataCOMRAM                       146AC    146AC        2     8000       0

TOTAL           Name                               Link     Load   Length     Space
        CLASS   CODE           
                intcodelo                            18       18      B62         0
                intcode                               8        8        6         0
                init                                B7A      B7A        4         0
                reset_vec                             0        0        4         0
                text48                            13F74    13F74       C4         0
                text47                            14516    14516       26         0
                intcode_body                      10792    10792      718         0
                text45                            141B2    141B2       AA         0
                text44                            13D80    13D80       FE         0
                text43                            144E2    144E2       34         0
                text42                            12DF8    12DF8      39C         0
                text41                            1223E    1223E      42C         0
                text40                            14474    14474       38         0
                text39                            11950    11950      4C2         0
                text38                            1432A    1432A       48         0
                text37                            10000    10000      792         0
                text36                            14620    14620       1C         0
                text35                            145C4    145C4       20         0
                text34                            13A64    13A64      10C         0
                text33                            13C78    13C78      108         0
                text32                            13632    13632      1B4         0
                text30                            143FA    143FA       40         0
                text29                            14602    14602       1E         0
                text28                            1469A    1469A        A         0
                text27                            140FA    140FA       B8         0
                text26                            143B8    143B8       42         0
                text25                            144AC    144AC       36         0
                text24                            14372    14372       46         0
                text23                            1453C    1453C       24         0
                text22                            14672    14672       12         0
                text21                            14660    14660       12         0
                text20                            14582    14582       22         0
                text19                            11E12    11E12      42C         0
                text18                            1148E    1148E      4C2         0
                text17                            142E2    142E2       48         0
                text16                            13B70    13B70      108         0
                text15                            1347A    1347A      1B8         0
                text14                            13194    13194      2E6         0
                text13                            145E4    145E4       1E         0
                text12                            14560    14560       22         0
                text11                            13956    13956      10E         0
                text10                            12A5C    12A5C      39C         0
                text9                             1443A    1443A       3A         0
                text8                             1266A    1266A      3F2         0
                text7                             145A4    145A4       20         0
                text6                             137E6    137E6      170         0
                text5                             14690    14690        A         0
                text4                             13E7E    13E7E       F6         0
                text3                             1464E    1464E       12         0
                text2                             14038    14038       C2         0
                text1                             10EAA    10EAA      5E4         0
                text0                             14684    14684        C         0
                cinit                             1425C    1425C       86         0
                idataBANK1                        146A4    146A4        8         0
                idataBANK0                        1463C    1463C       12         0
                idataCOMRAM                       146AC    146AC        2         0

        CLASS   CONST          

        CLASS   SMALLCONST     

        CLASS   MEDIUMCONST    
                mediumconst                        FE72     FE72      18E         0

        CLASS   COMRAM         
                temp                                 49       49        1         1
                cstackCOMRAM                          1        1       32         1
                dataCOMRAM                           47       47        2         1
                bssCOMRAM                            33       33       14         1

        CLASS   ABS1           

        CLASS   BIGRAM         

        CLASS   RAM            

        CLASS   BANK0          
                cstackBANK0                          60       60       4B         1
                dataBANK0                            D8       D8       12         1
                bssBANK0                             AB       AB       2D         1

        CLASS   BANK1          
                cstackBANK1                         100      100       93         1
                dataBANK1                           1C2      1C2        8         1
                bssBANK1                            193      193       2F         1

        CLASS   BANK2          

        CLASS   BANK3          

        CLASS   BANK4          

        CLASS   BANK5          

        CLASS   BANK6          

        CLASS   BANK7          

        CLASS   BANK8          

        CLASS   BANK9          

        CLASS   BANK10         

        CLASS   BANK11         

        CLASS   BANK12         

        CLASS   BANK13         

        CLASS   BANK14         

        CLASS   SFR            

        CLASS   BIGSFR         

        CLASS   CONFIG         
                config                           300000   300000        C         4

        CLASS   IDLOC          

        CLASS   EEDATA         

        CLASS   FARRAM         

        CLASS   HEAP           

        CLASS   STACK          



SEGMENTS        Name                           Load    Length   Top    Selector   Space  Class

                reset_vec                      000000  000004  000004         0       0  CODE    
                cstackCOMRAM                   000001  000049  00004A         1       1  COMRAM  
                intcode                        000008  000006  00000E         4       0  CODE    
                intcodelo                      000018  000B66  000B7E         C       0  CODE    
                cstackBANK0                    000060  00008A  0000EA        60       1  BANK0   
                cstackBANK1                    000100  0000CA  0001CA       100       1  BANK1   
                mediumconst                    00FE72  00018E  010000      7F39       0  MEDIUMCO
                text37                         010000  0046AE  0146AE      8000       0  CODE    


UNUSED ADDRESS RANGES

        Name                Unused          Largest block    Delta
        BANK0            0000EA-0000FF               16
        BANK1            0001CA-0001FF               36
        BANK10           000A00-000AFF              100
        BANK11           000B00-000BFF              100
        BANK12           000C00-000CFF              100
        BANK13           000D00-000DFF              100
        BANK14           000E00-000E87               88
        BANK2            000200-0002FF              100
        BANK3            000300-0003FF              100
        BANK4            000400-0004FF              100
        BANK5            000500-0005FF              100
        BANK6            000600-0006FF              100
        BANK7            000700-0007FF              100
        BANK8            000800-0008FF              100
        BANK9            000900-0009FF              100
        BIGRAM           00004A-00005F               16
                         0000EA-0000FF               16
                         0001CA-000E87              CBE
        BIGSFR           000E8D-000FFF              173
        CODE             000004-000007                4
                         00000E-000017                A
                         000B7E-00FE71             F2F4
                         0146AE-01FFFF             B952
        COMRAM           00004A-00005F               16
        CONST            000004-000007                4
                         00000E-000017                A
                         000B7E-00FE71             F2F4
                         0146AE-01FFFF             B952
        EEDATA           310000-3103FF              400
        IDLOC            200000-20000F               10
        MEDIUMCONST      000F00-00FE71             EF72
                         0146AE-01FFFF             B952
        RAM              0000EA-0000FF               16
                         0001CA-000E87              100
        SFR              000E8D-000FFF               73
        SMALLCONST       000F00-00FE71              100
                         0146AE-01FFFF              100

                                  Symbol Table

?_ENC_Get_Value               cstackBANK1  00012A
?_Motors_Get_Enc_Left         cstackBANK1  00012A
?_Motors_Get_Enc_Right        cstackBANK1  00012A
?___aldiv                     cstackBANK1  00012A
?___awdiv                     cstackCOMRAM 000007
?___fladd                     cstackBANK1  000151
?___fldiv                     cstackBANK1  000138
?___flmul                     cstackBANK1  000138
?___flneg                     cstackBANK1  00012A
?___flsub                     cstackBANK1  000161
?___fltol                     cstackBANK1  00012A
?___fpclassifyf               cstackCOMRAM 000017
?___wmul                      cstackCOMRAM 000001
?___xxtofl                    cstackBANK1  00012A
?_atanf                       cstackBANK0  000096
?_fabsf                       cstackCOMRAM 000017
?i1___aldiv                   cstackCOMRAM 000017
?i1___fladd                   cstackBANK0  00006D
?i1___fldiv                   cstackBANK0  00007D
?i1___flmul                   cstackCOMRAM 000025
?i1___flneg                   cstackCOMRAM 000017
?i1___flsub                   cstackBANK0  00007D
?i1___fltol                   cstackBANK0  00006D
?i1___xxtofl                  cstackCOMRAM 000017
BT_Enable@BT                  cstackBANK1  00012A
Compass_Calibre@i             cstackBANK1  00018F
Compass_Calibre@j             cstackBANK1  000190
ENC_Set_Value@val             cstackBANK1  00012A
LCD_Goto@colonne              cstackBANK1  00012E
LCD_Goto@ligne                cstackBANK1  00012F
LCD_Print@t                   cstackBANK1  00012E
LCD_Retro@retro               cstackBANK1  00012A
LCD_Write@byte                cstackBANK1  00012D
LCD_Write@type                cstackBANK1  00012C
LIDAR_Motor_Enable@motor_en   cstackBANK1  00012A
Motors_Enable@enable          cstackBANK1  00012A
Motors_Speed@vitd             cstackBANK1  00012A
Motors_Speed@vitg             cstackBANK1  00012B
Motors_Turn_Angle@angle       cstackBANK1  000169
Motors_Turn_Angle@anglefloat  cstackBANK1  00017F
Motors_Turn_Angle@coeff       cstackBANK1  00017B
Motors_Turn_Angle@encd        cstackBANK1  000177
Motors_Turn_Angle@encg        cstackBANK1  000173
Motors_Turn_Angle@erreurad    cstackBANK1  000187
Motors_Turn_Angle@erreurag    cstackBANK1  000183
SSP2_Read@SSP2_ADD            cstackBANK1  00012B
SSP2_Read@SSP2_REG            cstackBANK1  00012A
SSP2_Write@SSP2_ADD           cstackBANK1  00012C
SSP2_Write@SSP2_DATA          cstackBANK1  00012B
SSP2_Write@SSP2_REG           cstackBANK1  00012A
_ADCLK                        (abs)        000F57
_ADCON0                       (abs)        000F60
_ADCON1                       (abs)        000F59
_ADCON2                       (abs)        000F5A
_ADCON3                       (abs)        000F5B
_ADGO                         (abs)        007B00
_ADPCH                        (abs)        000F5F
_ADR                          bssBANK0     0000AF
_ADREF                        (abs)        000F58
_ADRESH                       (abs)        000F64
_ANGLE_MAGN                   bssBANK0     0000D4
_ANSELA                       (abs)        000F11
_ANSELB                       (abs)        000F19
_ANSELC                       (abs)        000F21
_ANSELD                       (abs)        000F26
_ANSELE                       (abs)        000F2E
_BAUDCON1bits                 (abs)        000F9F
_BAUDCON2bits                 (abs)        000E9F
_BP_Edge                      bssCOMRAM    000041
_BP_Get_Falling_Edge          text30       0143FA
_BP_Status                    dataCOMRAM   000048
_BTC                          bssBANK0     0000CD
_BT_Enable                    text29       014602
_CCP1CON                      (abs)        000FAC
_CCP2CON                      (abs)        000FA8
_CCPR1H                       (abs)        000FAB
_CCPR1L                       (abs)        000FAA
_CCPR2H                       (abs)        000FA7
_CCPR2L                       (abs)        000FA6
_CCPTMRS                      (abs)        000FAE
_CENCA                        bssBANK0     0000D3
_CENCB                        bssBANK0     0000D2
_CPTNBECHTMR3                 bssBANK0     0000CF
_CPTTMR3                      bssBANK0     0000D0
_CPT_BT                       bssBANK0     0000CE
_CPT_ENC                      bssBANK0     0000D1
_CPT_ENCD                     bssBANK1     00019F
_CPT_ENCG                     bssBANK1     0001A3
_CPT_RC1                      bssCOMRAM    00003E
_CPT_RC2                      bssCOMRAM    00003D
_CSSP2                        bssCOMRAM    000046
_Compass_Calibre              text8        01266A
_Compass_Init                 text6        0137E6
_ENC_Get_Value                text5        014690
_ENC_Set_Value                text28       01469A
_GIE                          (abs)        007F97
_GIEH                         (abs)        007F97
_GIEL                         (abs)        007F96
_IOCAF6                       (abs)        007856
_IOCAN6                       (abs)        00785E
_IOCAP6                       (abs)        007866
_IOCBF0                       (abs)        007890
_IOCBN0                       (abs)        007898
_IOCBP0                       (abs)        0078A0
_IOCCF2                       (abs)        0078D2
_IOCCF5                       (abs)        0078D5
_IOCCN2                       (abs)        0078DA
_IOCCN5                       (abs)        0078DD
_IOCCP2                       (abs)        0078E2
_IOCCP5                       (abs)        0078E5
_IOCIE                        (abs)        007614
_IOCIF                        (abs)        007654
_IOCIP                        (abs)        0075D4
_IPEN                         (abs)        007F95
_Initialisation               text1        010EAA
_LATAbits                     (abs)        000F83
_LATBbits                     (abs)        000F84
_LATDbits                     (abs)        000F86
_LATEbits                     (abs)        000F87
_LCD_Clear                    text7        0145A4
_LCD_Goto                     text25       0144AC
_LCD_Init                     text4        013E7E
_LCD_Print                    text24       014372
_LCD_Retro                    text3        01464E
_LCD_Write                    text26       0143B8
_LIDAR_Motor_Enable           text2        014038
_MAGN_X                       bssBANK1     0001BB
_MAGN_X_H                     bssBANK1     0001BF
_MAGN_X_L                     bssBANK1     0001BD
_MAGN_X_MAX                   dataBANK1    0001C8
_MAGN_X_MIN                   dataBANK1    0001C6
_MAGN_X_TOTAL                 bssBANK1     0001AF
_MAGN_X_ZERO                  bssBANK0     0000CB
_MAGN_Y                       bssBANK1     0001B5
_MAGN_Y_H                     bssBANK1     0001B9
_MAGN_Y_L                     bssBANK1     0001B7
_MAGN_Y_MAX                   dataBANK1    0001C4
_MAGN_Y_MIN                   dataBANK1    0001C2
_MAGN_Y_TOTAL                 bssBANK1     0001AB
_MAGN_Y_ZERO                  bssBANK0     0000C9
_Motors_Enable                text23       01453C
_Motors_Get_Enc_Left          text22       014672
_Motors_Get_Enc_Right         text21       014660
_Motors_Speed                 text20       014582
_Motors_Turn_Angle            text14       013194
_NVMADRH                      (abs)        000F7F
_NVMADRL                      (abs)        000F7E
_NVMCON1bits                  (abs)        000F81
_NVMCON2                      (abs)        000F82
_NVMDAT                       (abs)        000F80
_Old_BP_Status                dataCOMRAM   000047
_PEIE                         (abs)        007F96
_PMD0bits                     (abs)        000EE1
_PMD2bits                     (abs)        000EE3
_PMD3bits                     (abs)        000EE4
_PMD4bits                     (abs)        000EE5
_PMD5bits                     (abs)        000EE6
_PORTAbits                    (abs)        000F8D
_PORTBbits                    (abs)        000F8E
_PORTCbits                    (abs)        000F8F
_PORTDbits                    (abs)        000F90
_PR2                          (abs)        000FBC
_PR4                          (abs)        000FB6
_PWM3CON                      (abs)        000FA5
_PWM3DCH                      (abs)        000FA4
_RA0PPS                       (abs)        000EE7
_RAPPORT_X_Y                  bssBANK1     0001A7
_RC1IE                        (abs)        00762D
_RC1IF                        (abs)        00766D
_RC1IP                        (abs)        0075ED
_RC1PPS                       (abs)        000EF8
_RC1REG                       (abs)        000F99
_RC1REG_DATA                  bssCOMRAM    000040
_RC1STAbits                   (abs)        000F9D
_RC2IE                        (abs)        00762F
_RC2IF                        (abs)        00766F
_RC2IP                        (abs)        0075EF
_RC2REG                       (abs)        000E99
_RC2REG_DATA                  bssCOMRAM    00003F
_RC2STAbits                   (abs)        000E9D
_RC6PPS                       (abs)        000EFD
_RC7PPS                       (abs)        000EFE
_RCSTA1bits                   (abs)        000F9D
_RCSTA2bits                   (abs)        000E9D
_RD1PPS                       (abs)        000F00
_RD2PPS                       (abs)        000F01
_RD3PPS                       (abs)        000F02
_READ                         bssCOMRAM    000045
_RX1PPS                       (abs)        000EB5
_RX2PPS                       (abs)        000E8D
_SPBRG1                       (abs)        000F9B
_SPBRG2                       (abs)        000E9B
_SSP2ADD                      (abs)        000E93
_SSP2BUF                      (abs)        000E92
_SSP2CLKPPS                   (abs)        000E8F
_SSP2CON1                     (abs)        000E96
_SSP2CON2bits                 (abs)        000E97
_SSP2CON3                     (abs)        000E98
_SSP2DATPPS                   (abs)        000E90
_SSP2IE                       (abs)        00762A
_SSP2IF                       (abs)        00766A
_SSP2IP                       (abs)        0075EA
_SSP2STAT                     (abs)        000E95
_SSP2_ADD_ISR                 bssCOMRAM    000043
_SSP2_DATA_ISR                bssBANK1     0001C1
_SSP2_REG_ISR                 bssCOMRAM    000042
_SSP2_Read                    text13       0145E4
_SSP2_Write                   text12       014560
_T1CON                        (abs)        000FCF
_T2CLKCON                     (abs)        000FBF
_T2CON                        (abs)        000FBD
_T2PR                         (abs)        000FBC
_T3CON                        (abs)        000FC9
_T4CLKCON                     (abs)        000FB9
_T4CON                        (abs)        000FB7
_T5CON                        (abs)        000FC3
_T6CLKCON                     (abs)        000FB3
_T6CON                        (abs)        000FB1
_T6PR                         (abs)        000FB0
_TMR0IE                       (abs)        007615
_TMR0IP                       (abs)        0075D5
_TMR1                         (abs)        000FCD
_TMR1CLK                      (abs)        000FD2
_TMR1IE                       (abs)        007630
_TMR1IF                       (abs)        007670
_TMR1IP                       (abs)        0075F0
_TMR2IE                       (abs)        007631
_TMR2IP                       (abs)        0075F1
_TMR3                         (abs)        000FC7
_TMR3CLK                      (abs)        000FCC
_TMR3IE                       (abs)        007632
_TMR3IF                       (abs)        007672
_TMR3IP                       (abs)        0075F2
_TMR3ON                       (abs)        007E48
_TMR4IE                       (abs)        007633
_TMR4IP                       (abs)        0075F3
_TMR5                         (abs)        000FC1
_TMR5CLK                      (abs)        000FC6
_TMR5IE                       (abs)        007634
_TMR5IF                       (abs)        007674
_TMR5IP                       (abs)        0075F4
_TMR6IE                       (abs)        007635
_TMR6IF                       (abs)        007675
_TMR6IP                       (abs)        0075F5
_TRISA                        (abs)        000F88
_TRISB                        (abs)        000F89
_TRISC                        (abs)        000F8A
_TRISD                        (abs)        000F8B
_TRISE                        (abs)        000F8C
_TX1REG                       (abs)        000F9A
_TX1STAbits                   (abs)        000F9E
_TX2REG                       (abs)        000E9A
_TX2STAbits                   (abs)        000E9E
_TXSTA1bits                   (abs)        000F9E
_TXSTA2bits                   (abs)        000E9E
_WPUA                         (abs)        000F10
_WPUB                         (abs)        000F18
_WPUC                         (abs)        000F20
_WPUD                         (abs)        000F25
_WPUE                         (abs)        000F2D
_WRITE                        bssCOMRAM    000044
__HRAM                        (abs)        000000
__H__absolute__               __absolute__ 000000
__Habs1                       abs1         000000
__Hbank0                      bank0        000000
__Hbank1                      bank1        000000
__Hbank10                     bank10       000000
__Hbank11                     bank11       000000
__Hbank12                     bank12       000000
__Hbank13                     bank13       000000
__Hbank14                     bank14       000000
__Hbank2                      bank2        000000
__Hbank3                      bank3        000000
__Hbank4                      bank4        000000
__Hbank5                      bank5        000000
__Hbank6                      bank6        000000
__Hbank7                      bank7        000000
__Hbank8                      bank8        000000
__Hbank9                      bank9        000000
__Hbigbss                     bigbss       000000
__Hbigdata                    bigdata      000000
__Hbigram                     bigram       000000
__Hbigsfr                     bigsfr       000000
__Hbss                        bss          000000
__HbssBANK0                   bssBANK0     000000
__HbssBANK1                   bssBANK1     000000
__HbssCOMRAM                  bssCOMRAM    000000
__Hcinit                      cinit        000000
__Hclrtext                    clrtext      000000
__Hcomram                     comram       000000
__Hconfig                     config       30000C
__Hconst                      const        000000
__HcstackBANK0                cstackBANK0  000000
__HcstackBANK1                cstackBANK1  000000
__HcstackCOMRAM               cstackCOMRAM 000000
__Hdata                       data         000000
__HdataBANK0                  dataBANK0    000000
__HdataBANK1                  dataBANK1    000000
__HdataCOMRAM                 dataCOMRAM   000000
__Heeprom_data                eeprom_data  000000
__Hfarbss                     farbss       000000
__Hfardata                    fardata      000000
__Hheap                       heap         000000
__Hibigdata                   ibigdata     000000
__Hidata                      idata        000000
__HidataBANK0                 idataBANK0   000000
__HidataBANK1                 idataBANK1   000000
__HidataCOMRAM                idataCOMRAM  000000
__Hidloc                      idloc        000000
__Hifardata                   ifardata     000000
__Hinit                       init         000B7E
__Hintcode                    intcode      00000E
__Hintcode_body               intcode_body 000000
__Hintcodelo                  intcodelo    000B7A
__Hintentry                   intentry     000000
__Hintret                     intret       000000
__Hintsave_regs               intsave_regs 000000
__Hirdata                     irdata       000000
__Hmediumconst                mediumconst  010000
__HnvFARRAM                   nvFARRAM     000000
__Hnvbit                      nvbit        000000
__Hnvrram                     nvrram       000000
__Hparam                      rparam       000000
__Hpowerup                    powerup      000B7A
__Hram                        ram          000000
__Hramtop                     ramtop       000F00
__Hrbit                       rbit         000000
__Hrbss                       rbss         000000
__Hrdata                      rdata        000000
__Hreset_vec                  reset_vec    000004
__Hrparam                     rparam       000000
__Hsfr                        sfr          000000
__Hsivt_hi                    sivt_hi      000000
__Hsivt_lo                    sivt_lo      000000
__Hsmallconst                 smallconst   000000
__Hspace_0                    (abs)        0146AE
__Hspace_1                    (abs)        0001CA
__Hspace_2                    (abs)        000000
__Hspace_4                    (abs)        60000C
__Hstack                      stack        000000
__Hstruct                     struct       000000
__Htemp                       temp         00004A
__Htext                       text         000000
__Htext0                      text0        000000
__Htext1                      text1        000000
__Htext10                     text10       000000
__Htext11                     text11       000000
__Htext12                     text12       000000
__Htext13                     text13       000000
__Htext14                     text14       000000
__Htext15                     text15       000000
__Htext16                     text16       000000
__Htext17                     text17       000000
__Htext18                     text18       000000
__Htext19                     text19       000000
__Htext2                      text2        000000
__Htext20                     text20       000000
__Htext21                     text21       000000
__Htext22                     text22       000000
__Htext23                     text23       000000
__Htext24                     text24       000000
__Htext25                     text25       000000
__Htext26                     text26       000000
__Htext27                     text27       000000
__Htext28                     text28       000000
__Htext29                     text29       000000
__Htext3                      text3        000000
__Htext30                     text30       000000
__Htext32                     text32       000000
__Htext33                     text33       000000
__Htext34                     text34       000000
__Htext35                     text35       000000
__Htext36                     text36       000000
__Htext37                     text37       000000
__Htext38                     text38       000000
__Htext39                     text39       000000
__Htext4                      text4        000000
__Htext40                     text40       000000
__Htext41                     text41       000000
__Htext42                     text42       000000
__Htext43                     text43       000000
__Htext44                     text44       000000
__Htext45                     text45       000000
__Htext47                     text47       000000
__Htext48                     text48       000000
__Htext5                      text5        000000
__Htext6                      text6        000000
__Htext7                      text7        000000
__Htext8                      text8        000000
__Htext9                      text9        000000
__LRAM                        (abs)        000001
__L__absolute__               __absolute__ 000000
__Labs1                       abs1         000000
__Lbank0                      bank0        000000
__Lbank1                      bank1        000000
__Lbank10                     bank10       000000
__Lbank11                     bank11       000000
__Lbank12                     bank12       000000
__Lbank13                     bank13       000000
__Lbank14                     bank14       000000
__Lbank2                      bank2        000000
__Lbank3                      bank3        000000
__Lbank4                      bank4        000000
__Lbank5                      bank5        000000
__Lbank6                      bank6        000000
__Lbank7                      bank7        000000
__Lbank8                      bank8        000000
__Lbank9                      bank9        000000
__Lbigbss                     bigbss       000000
__Lbigdata                    bigdata      000000
__Lbigram                     bigram       000000
__Lbigsfr                     bigsfr       000000
__Lbss                        bss          000000
__LbssBANK0                   bssBANK0     000000
__LbssBANK1                   bssBANK1     000000
__LbssCOMRAM                  bssCOMRAM    000000
__Lcinit                      cinit        000000
__Lclrtext                    clrtext      000000
__Lcomram                     comram       000000
__Lconfig                     config       000000
__Lconst                      const        000000
__LcstackBANK0                cstackBANK0  000000
__LcstackBANK1                cstackBANK1  000000
__LcstackCOMRAM               cstackCOMRAM 000000
__Ldata                       data         000000
__LdataBANK0                  dataBANK0    000000
__LdataBANK1                  dataBANK1    000000
__LdataCOMRAM                 dataCOMRAM   000000
__Leeprom_data                eeprom_data  000000
__Lfarbss                     farbss       000000
__Lfardata                    fardata      000000
__Lheap                       heap         000000
__Libigdata                   ibigdata     000000
__Lidata                      idata        000000
__LidataBANK0                 idataBANK0   000000
__LidataBANK1                 idataBANK1   000000
__LidataCOMRAM                idataCOMRAM  000000
__Lidloc                      idloc        000000
__Lifardata                   ifardata     000000
__Linit                       init         000B7A
__Lintcode                    intcode      000008
__Lintcode_body               intcode_body 000000
__Lintcodelo                  intcodelo    000018
__Lintentry                   intentry     000000
__Lintret                     intret       000000
__Lintsave_regs               intsave_regs 000000
__Lirdata                     irdata       000000
__Lmediumconst                mediumconst  00FE72
__LnvFARRAM                   nvFARRAM     000000
__Lnvbit                      nvbit        000000
__Lnvrram                     nvrram       000000
__Lparam                      rparam       000000
__Lpowerup                    powerup      000B7A
__Lram                        ram          000000
__Lramtop                     ramtop       000F00
__Lrbit                       rbit         000000
__Lrbss                       rbss         000000
__Lrdata                      rdata        000000
__Lreset_vec                  reset_vec    000000
__Lrparam                     rparam       000000
__Lsfr                        sfr          000000
__Lsivt_hi                    sivt_hi      000000
__Lsivt_lo                    sivt_lo      000000
__Lsmallconst                 smallconst   000000
__Lspace_0                    (abs)        000000
__Lspace_1                    (abs)        000000
__Lspace_2                    (abs)        000000
__Lspace_4                    (abs)        000000
__Lstack                      stack        000000
__Lstruct                     struct       000000
__Ltemp                       temp         000049
__Ltext                       text         000000
__Ltext0                      text0        000000
__Ltext1                      text1        000000
__Ltext10                     text10       000000
__Ltext11                     text11       000000
__Ltext12                     text12       000000
__Ltext13                     text13       000000
__Ltext14                     text14       000000
__Ltext15                     text15       000000
__Ltext16                     text16       000000
__Ltext17                     text17       000000
__Ltext18                     text18       000000
__Ltext19                     text19       000000
__Ltext2                      text2        000000
__Ltext20                     text20       000000
__Ltext21                     text21       000000
__Ltext22                     text22       000000
__Ltext23                     text23       000000
__Ltext24                     text24       000000
__Ltext25                     text25       000000
__Ltext26                     text26       000000
__Ltext27                     text27       000000
__Ltext28                     text28       000000
__Ltext29                     text29       000000
__Ltext3                      text3        000000
__Ltext30                     text30       000000
__Ltext32                     text32       000000
__Ltext33                     text33       000000
__Ltext34                     text34       000000
__Ltext35                     text35       000000
__Ltext36                     text36       000000
__Ltext37                     text37       000000
__Ltext38                     text38       000000
__Ltext39                     text39       000000
__Ltext4                      text4        000000
__Ltext40                     text40       000000
__Ltext41                     text41       000000
__Ltext42                     text42       000000
__Ltext43                     text43       000000
__Ltext44                     text44       000000
__Ltext45                     text45       000000
__Ltext47                     text47       000000
__Ltext48                     text48       000000
__Ltext5                      text5        000000
__Ltext6                      text6        000000
__Ltext7                      text7        000000
__Ltext8                      text8        000000
__Ltext9                      text9        000000
__S0                          (abs)        0146AE
__S1                          (abs)        0001CA
__S4                          (abs)        000000
__S5                          (abs)        000000
___aldiv                      text11       013956
___aldiv@counter              cstackBANK1  000132
___aldiv@dividend             cstackBANK1  00012A
___aldiv@divisor              cstackBANK1  00012E
___aldiv@quotient             cstackBANK1  000134
___aldiv@sign                 cstackBANK1  000133
___awdiv                      text48       013F74
___awdiv@counter              cstackCOMRAM 00000B
___awdiv@dividend             cstackCOMRAM 000007
___awdiv@divisor              cstackCOMRAM 000009
___awdiv@quotient             cstackCOMRAM 00000D
___awdiv@sign                 cstackCOMRAM 00000C
___fladd                      text18       01148E
___fladd@a                    cstackBANK1  000155
___fladd@aexp                 cstackBANK1  00015E
___fladd@b                    cstackBANK1  000151
___fladd@bexp                 cstackBANK1  00015F
___fladd@grs                  cstackBANK1  000160
___fladd@signs                cstackBANK1  00015D
___fldiv                      text10       012A5C
___fldiv@a                    cstackBANK1  00013C
___fldiv@aexp                 cstackBANK1  000150
___fldiv@b                    cstackBANK1  000138
___fldiv@bexp                 cstackBANK1  00014F
___fldiv@grs                  cstackBANK1  00014B
___fldiv@new_exp              cstackBANK1  000149
___fldiv@rem                  cstackBANK1  000144
___fldiv@sign                 cstackBANK1  000148
___fleq                       text45       0141B2
___fleq@ff1                   cstackCOMRAM 000017
___fleq@ff2                   cstackCOMRAM 00001B
___flmul                      text19       011E12
___flmul@a                    cstackBANK1  00013C
___flmul@aexp                 cstackBANK1  000149
___flmul@b                    cstackBANK1  000138
___flmul@bexp                 cstackBANK1  00014A
___flmul@grs                  cstackBANK1  000145
___flmul@prod                 cstackBANK1  00014B
___flmul@sign                 cstackBANK1  000144
___flmul@temp                 cstackBANK1  00014F
___flneg                      text9        01443A
___flneg@f1                   cstackBANK1  00012A
___flsub                      text17       0142E2
___flsub@a                    cstackBANK1  000165
___flsub@b                    cstackBANK1  000161
___fltol                      text16       013B70
___fltol@exp1                 cstackBANK1  000133
___fltol@f1                   cstackBANK1  00012A
___fltol@sign1                cstackBANK1  000132
___fpclassifyf                text44       013D80
___fpclassifyf@F465           bssBANK0     0000AB
___fpclassifyf@e              cstackCOMRAM 00001F
___fpclassifyf@u              cstackCOMRAM 000021
___fpclassifyf@x              cstackCOMRAM 000017
___heap_hi                    (abs)        000000
___heap_lo                    (abs)        000000
___inthi_sp                   stack        000000
___inthi_stack_hi             stack        000000
___inthi_stack_lo             stack        000000
___intlo_sp                   stack        000000
___intlo_stack_hi             stack        000000
___intlo_stack_lo             stack        000000
___param_bank                 (abs)        000000
___rparam_used                (abs)        000001
___sp                         stack        000000
___stack_hi                   stack        000000
___stack_lo                   stack        000000
___wmul                       text47       014516
___wmul@multiplicand          cstackCOMRAM 000003
___wmul@multiplier            cstackCOMRAM 000001
___wmul@product               cstackCOMRAM 000005
___xxtofl                     text15       01347A
___xxtofl@arg                 cstackBANK1  000134
___xxtofl@exp                 cstackBANK1  000133
___xxtofl@sign                cstackBANK1  000132
___xxtofl@val                 cstackBANK1  00012A
__accesstop                   (abs)        000060
__activetblptr                (abs)        000003
__end_of_BP_Get_Falling_Edge  text30       01443A
__end_of_BT_Enable            text29       014620
__end_of_Compass_Calibre      text8        012A5C
__end_of_Compass_Init         text6        013956
__end_of_ENC_Get_Value        text5        01469A
__end_of_ENC_Set_Value        text28       0146A4
__end_of_Initialisation       text1        01148E
__end_of_LCD_Clear            text7        0145C4
__end_of_LCD_Goto             text25       0144E2
__end_of_LCD_Init             text4        013F74
__end_of_LCD_Print            text24       0143B8
__end_of_LCD_Retro            text3        014660
__end_of_LCD_Write            text26       0143FA
__end_of_LIDAR_Motor_Enable   text2        0140FA
__end_of_Motors_Enable        text23       014560
__end_of_Motors_Get_Enc_Left  text22       014684
__end_of_Motors_Get_Enc_Right text21       014672
__end_of_Motors_Speed         text20       0145A4
__end_of_Motors_Turn_Angle    text14       01347A
__end_of_SSP2_Read            text13       014602
__end_of_SSP2_Write           text12       014582
__end_of___aldiv              text11       013A64
__end_of___awdiv              text48       014038
__end_of___fladd              text18       011950
__end_of___fldiv              text10       012DF8
__end_of___fleq               text45       01425C
__end_of___flmul              text19       01223E
__end_of___flneg              text9        014474
__end_of___flsub              text17       01432A
__end_of___fltol              text16       013C78
__end_of___fpclassifyf        text44       013E7E
__end_of___wmul               text47       01453C
__end_of___xxtofl             text15       013632
__end_of__initialization      cinit        0142D8
__end_of_aT0                  mediumconst  00FEA7
__end_of_aT1                  mediumconst  00FEA3
__end_of_aT2                  mediumconst  00FE9F
__end_of_aT3                  mediumconst  00FE9B
__end_of_aT4                  mediumconst  00FE97
__end_of_atanf                text37       010792
__end_of_atanhi               mediumconst  00FE93
__end_of_atanlo               mediumconst  00FE83
__end_of_fabsf                text43       014516
__end_of_lcdNibble            text27       0141B2
__end_of_main                 text0        014690
__end_of_myHighIsr            intcode_body 010EAA
__end_of_myLowIsr             intcodelo    000B7A
__end_ofi1_SSP2_Read          text36       01463C
__end_ofi1_SSP2_Write         text35       0145E4
__end_ofi1___aldiv            text34       013B70
__end_ofi1___fladd            text39       011E12
__end_ofi1___fldiv            text42       013194
__end_ofi1___flmul            text41       01266A
__end_ofi1___flneg            text40       0144AC
__end_ofi1___flsub            text38       014372
__end_ofi1___fltol            text33       013D80
__end_ofi1___xxtofl           text32       0137E6
__initialization              cinit        01425C
__mediumconst                 mediumconst  00FE72
__pbssBANK0                   bssBANK0     0000AB
__pbssBANK1                   bssBANK1     000193
__pbssCOMRAM                  bssCOMRAM    000033
__pcinit                      cinit        01425C
__pcstackBANK0                cstackBANK0  000060
__pcstackBANK1                cstackBANK1  000100
__pcstackCOMRAM               cstackCOMRAM 000001
__pdataBANK0                  dataBANK0    0000D8
__pdataBANK1                  dataBANK1    0001C2
__pdataCOMRAM                 dataCOMRAM   000047
__pidataBANK0                 idataBANK0   01463C
__pidataBANK1                 idataBANK1   0146A4
__pidataCOMRAM                idataCOMRAM  0146AC
__pintcode                    intcode      000008
__pintcode_body               intcode_body 010792
__pintcodelo                  intcodelo    000018
__pmediumconst                mediumconst  00FE72
__ptext0                      text0        014684
__ptext1                      text1        010EAA
__ptext10                     text10       012A5C
__ptext11                     text11       013956
__ptext12                     text12       014560
__ptext13                     text13       0145E4
__ptext14                     text14       013194
__ptext15                     text15       01347A
__ptext16                     text16       013B70
__ptext17                     text17       0142E2
__ptext18                     text18       01148E
__ptext19                     text19       011E12
__ptext2                      text2        014038
__ptext20                     text20       014582
__ptext21                     text21       014660
__ptext22                     text22       014672
__ptext23                     text23       01453C
__ptext24                     text24       014372
__ptext25                     text25       0144AC
__ptext26                     text26       0143B8
__ptext27                     text27       0140FA
__ptext28                     text28       01469A
__ptext29                     text29       014602
__ptext3                      text3        01464E
__ptext30                     text30       0143FA
__ptext32                     text32       013632
__ptext33                     text33       013C78
__ptext34                     text34       013A64
__ptext35                     text35       0145C4
__ptext36                     text36       014620
__ptext37                     text37       010000
__ptext38                     text38       01432A
__ptext39                     text39       011950
__ptext4                      text4        013E7E
__ptext40                     text40       014474
__ptext41                     text41       01223E
__ptext42                     text42       012DF8
__ptext43                     text43       0144E2
__ptext44                     text44       013D80
__ptext45                     text45       0141B2
__ptext47                     text47       014516
__ptext48                     text48       013F74
__ptext5                      text5        014690
__ptext6                      text6        0137E6
__ptext7                      text7        0145A4
__ptext8                      text8        01266A
__ptext9                      text9        01443A
__ramtop                      ramtop       000F00
__smallconst                  smallconst   000000
_angle_max                    bssCOMRAM    000039
_angle_max_r                  bssBANK0     0000B7
_angle_min                    bssCOMRAM    000037
_angle_min_r                  bssBANK0     0000B5
_atanf                        text37       010000
_atanf$2669                   cstackBANK1  000114
_atanf$2670                   cstackBANK1  000100
_atanf$2671                   cstackBANK1  000118
_atanf$2672                   cstackBANK1  000104
_atanf$2673                   cstackBANK1  000108
_atanhi                       mediumconst  00FE83
_atanlo                       mediumconst  00FE73
_consigne                     bssBANK1     0001B3
_consigned                    bssBANK0     0000BD
_consigneg                    bssBANK0     0000BF
_consignevitrc                bssCOMRAM    00003B
_distance_max                 bssCOMRAM    000035
_distance_max_r               bssBANK0     0000B3
_distance_min                 bssCOMRAM    000033
_distance_min_r               bssBANK0     0000B1
_erreurd                      bssBANK0     0000C5
_erreurg                      bssBANK0     0000C7
_fabsf                        text43       0144E2
_kim                          dataBANK0    0000D8
_kpm                          dataBANK0    0000DC
_lcdNibble                    text27       0140FA
_main                         text0        014684
_millisecondes                bssBANK1     00019B
_myHighIsr                    intcode      000008
_myHighIsr$2537               cstackCOMRAM 000015
_myLowIsr                     intcodelo    000018
_myLowIsr$2668                cstackBANK0  0000A7
_pwmdc                        bssBANK0     0000B9
_pwmgc                        bssBANK0     0000BB
_resteturna                   bssBANK1     000197
_sens                         bssCOMRAM    00003C
_sigmaerreurd                 bssBANK0     0000C1
_sigmaerreurg                 bssBANK0     0000C3
_sigmamax                     dataBANK0    0000E8
_tempsd                       dataBANK0    0000E0
_tempsg                       dataBANK0    0000E4
atanf@id                      cstackBANK1  000121
atanf@ix                      cstackBANK1  000126
atanf@s1                      cstackBANK1  00010C
atanf@s2                      cstackBANK1  000110
atanf@sign                    cstackBANK1  00011C
atanf@w                       cstackBANK1  00011D
atanf@x                       cstackBANK0  000096
atanf@z                       cstackBANK1  000122
btemp                         temp         000049
end_of_initialization         cinit        0142D8
fabsf@F465                    bssBANK1     000193
fabsf@u                       cstackCOMRAM 00001B
fabsf@x                       cstackCOMRAM 000017
i1SSP2_Read@SSP2_ADD          cstackCOMRAM 000018
i1SSP2_Read@SSP2_REG          cstackCOMRAM 000017
i1SSP2_Write@SSP2_ADD         cstackCOMRAM 000019
i1SSP2_Write@SSP2_DATA        cstackCOMRAM 000018
i1SSP2_Write@SSP2_REG         cstackCOMRAM 000017
i1_SSP2_Read                  text36       014620
i1_SSP2_Write                 text35       0145C4
i1___aldiv                    text34       013A64
i1___aldiv@counter            cstackCOMRAM 00001F
i1___aldiv@dividend           cstackCOMRAM 000017
i1___aldiv@divisor            cstackCOMRAM 00001B
i1___aldiv@quotient           cstackCOMRAM 000021
i1___aldiv@sign               cstackCOMRAM 000020
i1___fladd                    text39       011950
i1___fladd@a                  cstackBANK0  000071
i1___fladd@aexp               cstackBANK0  00007A
i1___fladd@b                  cstackBANK0  00006D
i1___fladd@bexp               cstackBANK0  00007B
i1___fladd@grs                cstackBANK0  00007C
i1___fladd@signs              cstackBANK0  000079
i1___fldiv                    text42       012DF8
i1___fldiv@a                  cstackBANK0  000081
i1___fldiv@aexp               cstackBANK0  000095
i1___fldiv@b                  cstackBANK0  00007D
i1___fldiv@bexp               cstackBANK0  000094
i1___fldiv@grs                cstackBANK0  000090
i1___fldiv@new_exp            cstackBANK0  00008E
i1___fldiv@rem                cstackBANK0  000089
i1___fldiv@sign               cstackBANK0  00008D
i1___flmul                    text41       01223E
i1___flmul@a                  cstackCOMRAM 000029
i1___flmul@aexp               cstackBANK0  000061
i1___flmul@b                  cstackCOMRAM 000025
i1___flmul@bexp               cstackBANK0  000066
i1___flmul@grs                cstackBANK0  000062
i1___flmul@prod               cstackBANK0  000067
i1___flmul@sign               cstackBANK0  000060
i1___flmul@temp               cstackBANK0  00006B
i1___flneg                    text40       014474
i1___flneg@f1                 cstackCOMRAM 000017
i1___flsub                    text38       01432A
i1___flsub@a                  cstackBANK0  000081
i1___flsub@b                  cstackBANK0  00007D
i1___fltol                    text33       013C78
i1___fltol@exp1               cstackCOMRAM 000032
i1___fltol@f1                 cstackBANK0  00006D
i1___fltol@sign1              cstackCOMRAM 000031
i1___xxtofl                   text32       013632
i1___xxtofl@arg               cstackCOMRAM 000021
i1___xxtofl@exp               cstackCOMRAM 000020
i1___xxtofl@sign              cstackCOMRAM 00001F
i1___xxtofl@val               cstackCOMRAM 000017
int$flags                     temp         000049
int_func                      intcode_body 010792
intlevel0                     text         000000
intlevel1                     text         000000
intlevel2                     text         000000
intlevel3                     text         000000
isa$std                       (abs)        000001
isa$xinst                     (abs)        000000
lcdNibble@nibble              cstackBANK1  00012B
stackhi                       (abs)        000000
stacklo                       (abs)        000000
start                         init         000B7A
start_initialization          cinit        01425C
ttemp5                        temp         00004A
ttemp6                        temp         00004D
ttemp7                        temp         000051
wtemp8                        temp         00004A


MODULE INFORMATION

Module		Function		Class		Link	Load	Size
C:\Program Files\Microchip\xc8\v2.46\pic\sources\c99\common\fltol.c
		___fltol       		CODE           	13B70	0000	264

C:\Program Files\Microchip\xc8\v2.46\pic\sources\c99\common\fltol.c estimated size: 264

C:\Program Files\Microchip\xc8\v2.46\pic\sources\c99\common\awdiv.c
		___awdiv       		CODE           	13F74	0000	196

C:\Program Files\Microchip\xc8\v2.46\pic\sources\c99\common\awdiv.c estimated size: 196

./Isr.c
		_myLowIsr      		CODE           	0018	0000	2914
		_myHighIsr     		CODE           	0008	0000	1822

./Isr.c estimated size: 4736

C:\Program Files\Microchip\xc8\v2.46\pic\sources\c99\common\xxtofl.c
		___xxtofl      		CODE           	1347A	0000	440

C:\Program Files\Microchip\xc8\v2.46\pic\sources\c99\common\xxtofl.c estimated size: 440

C:\Program Files\Microchip\xc8\v2.46\pic\sources\c99\common\aldiv.c
		___aldiv       		CODE           	13956	0000	270

C:\Program Files\Microchip\xc8\v2.46\pic\sources\c99\common\aldiv.c estimated size: 270

C:\Program Files\Microchip\xc8\v2.46\pic\sources\c99\common\flneg.c
		___flneg       		CODE           	1443A	0000	58

C:\Program Files\Microchip\xc8\v2.46\pic\sources\c99\common\flneg.c estimated size: 58

C:\Program Files\Microchip\xc8\v2.46\pic\sources\c99\common\__fpclassifyf.c
		___fpclassifyf 		CODE           	13D80	0000	254

C:\Program Files\Microchip\xc8\v2.46\pic\sources\c99\common\__fpclassifyf.c estimated size: 254

C:\Program Files\Microchip\xc8\v2.46\pic\sources\c99\common\sprcmul.c
		___flmul       		CODE           	11E12	0000	1068

C:\Program Files\Microchip\xc8\v2.46\pic\sources\c99\common\sprcmul.c estimated size: 1068

C:\Program Files\Microchip\xc8\v2.46\pic\sources\c99\common\sprcdiv.c
		___fldiv       		CODE           	12A5C	0000	924

C:\Program Files\Microchip\xc8\v2.46\pic\sources\c99\common\sprcdiv.c estimated size: 924

./LCD.c
		_LCD_Init      		CODE           	13E7E	0000	246
		_lcdNibble     		CODE           	140FA	0000	184
		_LCD_Clear     		CODE           	145A4	0000	32
		_LCD_Goto      		CODE           	144AC	0000	54
		_LCD_Print     		CODE           	14372	0000	70
		_LCD_Write     		CODE           	143B8	0000	66

./LCD.c estimated size: 652

C:\Program Files\Microchip\xc8\v2.46\pic\sources\c99\common\fleq.c
		___fleq        		CODE           	141B2	0000	170

C:\Program Files\Microchip\xc8\v2.46\pic\sources\c99\common\fleq.c estimated size: 170

C:\Program Files\Microchip\xc8\v2.46\pic\sources\c99\common\fabsf.c
		_fabsf         		CODE           	144E2	0000	52

C:\Program Files\Microchip\xc8\v2.46\pic\sources\c99\common\fabsf.c estimated size: 52

C:\Program Files\Microchip\xc8\v2.46\pic\sources\c99\common\atanf.c
		_atanf         		CODE           	10000	0000	1938

C:\Program Files\Microchip\xc8\v2.46\pic\sources\c99\common\atanf.c estimated size: 1938

shared
		_aT1           		MEDIUMCONST    	0000	0000	0
		_aT2           		MEDIUMCONST    	0000	0000	0
		_aT3           		MEDIUMCONST    	0000	0000	0
		_aT4           		MEDIUMCONST    	0000	0000	0
		_atanhi        		MEDIUMCONST    	FE83	0000	16
		i1___flneg     		CODE           	14474	0000	56
		i1___fladd     		CODE           	11950	0000	1218
		i1___fldiv     		CODE           	12DF8	0000	924
		i1___fltol     		CODE           	13C78	0000	264
		__initialization		CODE           	1425C	0000	124
		i1___aldiv     		CODE           	13A64	0000	268
		i1___flmul     		CODE           	1223E	0000	1068
		i1___xxtofl    		CODE           	13632	0000	436
		i1_SSP2_Read   		CODE           	14620	0000	28
		i1___flsub     		CODE           	1432A	0000	72
		i1_SSP2_Write  		CODE           	145C4	0000	32
		_aT0           		MEDIUMCONST    	0000	0000	0
		_atanlo        		MEDIUMCONST    	FE73	0000	16

shared estimated size: 4522

C:\Program Files\Microchip\xc8\v2.46\pic\sources\c99\common\Umul16.c
		___wmul        		CODE           	14516	0000	38

C:\Program Files\Microchip\xc8\v2.46\pic\sources\c99\common\Umul16.c estimated size: 38

C:\Program Files\Microchip\xc8\v2.46\pic\sources\c99\common\sprcadd.c
		___flsub       		CODE           	142E2	0000	72
		___fladd       		CODE           	1148E	0000	1218

C:\Program Files\Microchip\xc8\v2.46\pic\sources\c99\common\sprcadd.c estimated size: 1290

2emeAlidar_Proc_principal.c
		_main          		CODE           	14684	0000	12

2emeAlidar_Proc_principal.c estimated size: 12

./Init.c
		_Initialisation		CODE           	10EAA	0000	1508

./Init.c estimated size: 1508

./Fonctions.c
		_LCD_Retro     		CODE           	1464E	0000	18
		_Motors_Get_Enc_Right		CODE           	14660	0000	18
		_LIDAR_Motor_Enable		CODE           	14038	0000	194
		_SSP2_Write    		CODE           	14560	0000	34
		_BT_Enable     		CODE           	14602	0000	30
		_Motors_Speed  		CODE           	14582	0000	34
		_Compass_Calibre		CODE           	1266A	0000	1010
		_ENC_Get_Value 		CODE           	14690	0000	10
		_Motors_Enable 		CODE           	1453C	0000	36
		_ENC_Set_Value 		CODE           	1469A	0000	10
		_SSP2_Read     		CODE           	145E4	0000	30
		_Motors_Get_Enc_Left		CODE           	14672	0000	18
		_Motors_Turn_Angle		CODE           	13194	0000	742
		_BP_Get_Falling_Edge		CODE           	143FA	0000	64
		_Compass_Init  		CODE           	137E6	0000	368

./Fonctions.c estimated size: 2616

