Microchip MPLAB XC8 Compiler V2.46

Linker command line:

-W-3 \
  --edf=C:\Program Files\Microchip\xc8\v2.46\pic\dat\20240104201356_en.msgs \
  -cn -h+dist/default/debug\2emeALidar.X.debug.sym \
  --cmf=dist/default/debug\2emeALidar.X.debug.cmf -z -Q18F47K40 \
  -oC:\Users\ulrich\AppData\Local\Temp\xcAs9cg.\driver_tmp_3.o \
  --defsym=__MPLAB_BUILD=1 --fixupoverflow=error \
  -Mdist/default/debug/2emeALidar.X.debug.map \
  --md=C:\Users\ulrich\AppData\Local\Temp\xcAs9cg.\driver_tmp_0.dat -E1 \
  -ver=XC8 Compiler --acfsm=1493 -ACODE=00h-01FFFFh -ACONST=00h-01FFFFh \
  -ASMALLCONST=0F00h-0FFFhx497 -AMEDIUMCONST=0F00h-0FFFFh,010F00h-01FFFFh \
  -ACOMRAM=01h-05Fh -AABS1=00h-0E87h -ABIGRAM=01h-0E87h \
  -ARAM=060h-0FFh,0100h-01FFhx13,0E00h-0E87h -ABANK0=060h-0FFh \
  -ABANK1=0100h-01FFh -ABANK2=0200h-02FFh -ABANK3=0300h-03FFh \
  -ABANK4=0400h-04FFh -ABANK5=0500h-05FFh -ABANK6=0600h-06FFh \
  -ABANK7=0700h-07FFh -ABANK8=0800h-08FFh -ABANK9=0900h-09FFh \
  -ABANK10=0A00h-0AFFh -ABANK11=0B00h-0BFFh -ABANK12=0C00h-0CFFh \
  -ABANK13=0D00h-0DFFh -ABANK14=0E00h-0E87h \
  -ASFR=0E8Dh-0EFFh,0F00h-0F5Fh,0F60h-0FFFh -ABIGSFR=0E8Dh-0FFFh \
  -ACONFIG=0300000h-030000Bh -AIDLOC=0200000h-020000Fh \
  -AEEDATA=0310000h-03103FFh -peeprom_data=EEDATA \
  -preset_vec=00h,intcode=8h,intcodelo=18h,powerup,init -pramtop=0F00h \
  -psmallconst=SMALLCONST -pmediumconst=MEDIUMCONST -pconst=CONST \
  -AFARRAM=00h-00h \
  -prdata=COMRAM,nvrram=COMRAM,nvbit=COMRAM,rbss=COMRAM,rbit=COMRAM \
  -pfarbss=FARRAM,fardata=FARRAM,nvFARRAM=FARRAM \
  -pintsave_regs=BIGRAM,bigbss=BIGRAM,bigdata=BIGRAM -pbss=RAM \
  -pidata=CODE,irdata=CODE,ibigdata=CODE,ifardata=CODE -prparam=COMRAM \
  C:\Users\ulrich\AppData\Local\Temp\xcAs9cg.\driver_tmp_9.o \
  dist/default/debug\2emeALidar.X.debug.o 

Object code version is 3.11

Machine type is 18F47K40



                Name                               Link     Load   Length Selector   Space Scale
C:\Users\ulrich\AppData\Local\Temp\xcAs9cg.\driver_tmp_9.o
                config                           300000   300000        C        0       4
                init                                120      120        4        C       0
                reset_vec                             0        0        4        0       0
dist/default/debug\2emeALidar.X.debug.o
                intcodelo                            18       18      108        C       0
                intcode                               8        8        6        4       0
                config                           300000   300000        C        0       4
                temp                                 4D       4D        1        1       1
                smallconst                          F00      F00       24      780       0
                text39                             24C2     24C2      10C      792       0
                text38                             3B68     3B68       26      792       0
                text37                             370E     370E       C4      792       0
                intcode_body                        F24      F24      812      792       0
                text35                             364A     364A       C4      792       0
                text34                             388A     388A       B0      792       0
                text33                             1AD2     1AD2      39A      792       0
                text32                             26D6     26D6      108      792       0
                text31                             230E     230E      1B4      792       0
                text30                             3578     3578       D2      792       0
                text29                             393A     393A       AC      792       0
                text28                             3AC6     3AC6       3A      792       0
                text27                             3B36     3B36       32      792       0
                text25                             1736     1736      39C      792       0
                text24                             25CE     25CE      108      792       0
                text23                             2156     2156      1B8      792       0
                text22                             321E     321E       D8      792       0
                text21                             3146     3146       D8      792       0
                text20                             34A2     34A2       D6      792       0
                text19                             306E     306E       D8      792       0
                text18                             2F96     2F96       D8      792       0
                text17                             33CC     33CC       D6      792       0
                text16                             2EBE     2EBE       D8      792       0
                text15                             32F6     32F6       D6      792       0
                text14                             2DE6     2DE6       D8      792       0
                text13                             2D0E     2D0E       D8      792       0
                text12                             2C36     2C36       D8      792       0
                text11                             2B5E     2B5E       D8      792       0
                text10                             2A86     2A86       D8      792       0
                text9                              28D4     28D4       DA      792       0
                text8                              29AE     29AE       D8      792       0
                text7                              37D2     37D2       B8      792       0
                text6                              3A84     3A84       42      792       0
                text5                              3B00     3B00       36      792       0
                text4                              3B8E     3B8E       20      792       0
                text3                              27DE     27DE       F6      792       0
                text2                              3A40     3A40       44      792       0
                text1                              1E6C     1E6C      2EA      792       0
                text0                              3BAE     3BAE       14      792       0
                cstackCOMRAM                          1        1       3A        1       1
                cstackBANK0                          60       60       4A       60       1
                dataBANK0                            BA       BA        8       60       1
                bssBANK0                             AA       AA       10       60       1
                dataCOMRAM                           4B       4B        2        1       1
                bssCOMRAM                            3B       3B       10        1       1
                cinit                              39E6     39E6       5A      792       0
                idataBANK0                         3BC2     3BC2        8      792       0
                idataCOMRAM                        3BCA     3BCA        2      792       0

TOTAL           Name                               Link     Load   Length     Space
        CLASS   CODE           
                intcodelo                            18       18      108         0
                intcode                               8        8        6         0
                init                                120      120        4         0
                reset_vec                             0        0        4         0
                text39                             24C2     24C2      10C         0
                text38                             3B68     3B68       26         0
                text37                             370E     370E       C4         0
                intcode_body                        F24      F24      812         0
                text35                             364A     364A       C4         0
                text34                             388A     388A       B0         0
                text33                             1AD2     1AD2      39A         0
                text32                             26D6     26D6      108         0
                text31                             230E     230E      1B4         0
                text30                             3578     3578       D2         0
                text29                             393A     393A       AC         0
                text28                             3AC6     3AC6       3A         0
                text27                             3B36     3B36       32         0
                text25                             1736     1736      39C         0
                text24                             25CE     25CE      108         0
                text23                             2156     2156      1B8         0
                text22                             321E     321E       D8         0
                text21                             3146     3146       D8         0
                text20                             34A2     34A2       D6         0
                text19                             306E     306E       D8         0
                text18                             2F96     2F96       D8         0
                text17                             33CC     33CC       D6         0
                text16                             2EBE     2EBE       D8         0
                text15                             32F6     32F6       D6         0
                text14                             2DE6     2DE6       D8         0
                text13                             2D0E     2D0E       D8         0
                text12                             2C36     2C36       D8         0
                text11                             2B5E     2B5E       D8         0
                text10                             2A86     2A86       D8         0
                text9                              28D4     28D4       DA         0
                text8                              29AE     29AE       D8         0
                text7                              37D2     37D2       B8         0
                text6                              3A84     3A84       42         0
                text5                              3B00     3B00       36         0
                text4                              3B8E     3B8E       20         0
                text3                              27DE     27DE       F6         0
                text2                              3A40     3A40       44         0
                text1                              1E6C     1E6C      2EA         0
                text0                              3BAE     3BAE       14         0
                cinit                              39E6     39E6       5A         0
                idataBANK0                         3BC2     3BC2        8         0
                idataCOMRAM                        3BCA     3BCA        2         0

        CLASS   CONST          

        CLASS   SMALLCONST     
                smallconst                          F00      F00       24         0

        CLASS   MEDIUMCONST    

        CLASS   COMRAM         
                temp                                 4D       4D        1         1
                cstackCOMRAM                          1        1       3A         1
                dataCOMRAM                           4B       4B        2         1
                bssCOMRAM                            3B       3B       10         1

        CLASS   ABS1           

        CLASS   BIGRAM         

        CLASS   RAM            

        CLASS   BANK0          
                cstackBANK0                          60       60       4A         1
                dataBANK0                            BA       BA        8         1
                bssBANK0                             AA       AA       10         1

        CLASS   BANK1          

        CLASS   BANK2          

        CLASS   BANK3          

        CLASS   BANK4          

        CLASS   BANK5          

        CLASS   BANK6          

        CLASS   BANK7          

        CLASS   BANK8          

        CLASS   BANK9          

        CLASS   BANK10         

        CLASS   BANK11         

        CLASS   BANK12         

        CLASS   BANK13         

        CLASS   BANK14         

        CLASS   SFR            

        CLASS   BIGSFR         

        CLASS   CONFIG         
                config                           300000   300000        C         4

        CLASS   IDLOC          

        CLASS   EEDATA         

        CLASS   FARRAM         

        CLASS   HEAP           

        CLASS   STACK          



SEGMENTS        Name                           Load    Length   Top    Selector   Space  Class

                reset_vec                      000000  000004  000004         0       0  CODE    
                cstackCOMRAM                   000001  00004D  00004E         1       1  COMRAM  
                intcode                        000008  000006  00000E         4       0  CODE    
                intcodelo                      000018  00010C  000124         C       0  CODE    
                cstackBANK0                    000060  000062  0000C2        60       1  BANK0   
                smallconst                     000F00  000024  000F24       780       0  SMALLCON
                intcode_body                   000F24  002CA8  003BCC       792       0  CODE    


UNUSED ADDRESS RANGES

        Name                Unused          Largest block    Delta
        BANK0            0000C2-0000FF               3E
        BANK1            000100-0001FF              100
        BANK10           000A00-000AFF              100
        BANK11           000B00-000BFF              100
        BANK12           000C00-000CFF              100
        BANK13           000D00-000DFF              100
        BANK14           000E00-000E87               88
        BANK2            000200-0002FF              100
        BANK3            000300-0003FF              100
        BANK4            000400-0004FF              100
        BANK5            000500-0005FF              100
        BANK6            000600-0006FF              100
        BANK7            000700-0007FF              100
        BANK8            000800-0008FF              100
        BANK9            000900-0009FF              100
        BIGRAM           00004E-00005F               12
                         0000C2-000E87              DC6
        BIGSFR           000E8D-000FFF              173
        CODE             000004-000007                4
                         00000E-000017                A
                         000124-000EFF              DDC
                         003BCC-01FFFF            1C434
        COMRAM           00004E-00005F               12
        CONST            000004-000007                4
                         00000E-000017                A
                         000124-000EFF              DDC
                         003BCC-01FFFF            1C434
        EEDATA           310000-3103FF              400
        IDLOC            200000-20000F               10
        MEDIUMCONST      003BCC-00FFFF             C434
                         010F00-01FFFF             F100
        RAM              0000C2-000E87              100
        SFR              000E8D-000FFF               73
        SMALLCONST       003BCC-01FFFF              100

                                  Symbol Table

?___aldiv                cstackCOMRAM 000001
?___awdiv                cstackCOMRAM 000019
?___awmod                cstackCOMRAM 000013
?___fldiv                cstackBANK0  000080
?___fltol                cstackBANK0  000099
?___wmul                 cstackCOMRAM 000001
?___xxtofl               cstackBANK0  000072
?i1___fldiv              cstackCOMRAM 000021
?i1___fltol              cstackBANK0  000060
?i1___xxtofl             cstackCOMRAM 000013
?i2___awdiv              cstackCOMRAM 000007
A2@DUREE                 cstackBANK0  0000A3
A3@DUREE                 cstackBANK0  0000A3
B2@DUREE                 cstackBANK0  0000A3
B3@DUREE                 cstackBANK0  0000A3
C2@DUREE                 cstackBANK0  0000A3
C3@DUREE                 cstackBANK0  0000A3
C4@DUREE                 cstackBANK0  0000A3
D2@DUREE                 cstackBANK0  0000A3
D3@DUREE                 cstackBANK0  0000A3
E2@DUREE                 cstackBANK0  0000A3
E3@DUREE                 cstackBANK0  0000A3
F2@DUREE                 cstackBANK0  0000A3
F3@DUREE                 cstackBANK0  0000A3
G2@DUREE                 cstackBANK0  0000A3
G3@DUREE                 cstackBANK0  0000A3
_A2                      text22       00321E
_A3                      text21       003146
_ADCLK                   (abs)        000F57
_ADCON0                  (abs)        000F60
_ADCON1                  (abs)        000F59
_ADCON2                  (abs)        000F5A
_ADCON3                  (abs)        000F5B
_ADGO                    (abs)        007B00
_ADPCH                   (abs)        000F5F
_ADREF                   (abs)        000F58
_ADRESH                  (abs)        000F64
_ANSELA                  (abs)        000F11
_ANSELB                  (abs)        000F19
_ANSELC                  (abs)        000F21
_ANSELD                  (abs)        000F26
_ANSELE                  (abs)        000F2E
_B2                      text20       0034A2
_B3                      text19       00306E
_BAUDCON1bits            (abs)        000F9F
_BAUDCON2bits            (abs)        000E9F
_C2                      text18       002F96
_C3                      text17       0033CC
_C4                      text16       002EBE
_CCP1CON                 (abs)        000FAC
_CCP2CON                 (abs)        000FA8
_CCPR1H                  (abs)        000FAB
_CCPR1L                  (abs)        000FAA
_CCPR2H                  (abs)        000FA7
_CCPR2L                  (abs)        000FA6
_CCPTMRS                 (abs)        000FAE
_CENCA                   bssCOMRAM    000044
_CENCB                   bssCOMRAM    000043
_CSSP1                   bssCOMRAM    00004A
_D2                      text15       0032F6
_D3                      text14       002DE6
_E2                      text13       002D0E
_E3                      text12       002C36
_F2                      text11       002B5E
_F3                      text10       002A86
_G2                      text9        0028D4
_G3                      text8        0029AE
_GIE                     (abs)        007F97
_GIEH                    (abs)        007F97
_GIEL                    (abs)        007F96
_IOCAF6                  (abs)        007856
_IOCAN6                  (abs)        00785E
_IOCAP6                  (abs)        007866
_IOCBF0                  (abs)        007890
_IOCBN0                  (abs)        007898
_IOCBP0                  (abs)        0078A0
_IOCCF2                  (abs)        0078D2
_IOCCF3                  (abs)        0078D3
_IOCCF5                  (abs)        0078D5
_IOCCN2                  (abs)        0078DA
_IOCCN3                  (abs)        0078DB
_IOCCN5                  (abs)        0078DD
_IOCCP2                  (abs)        0078E2
_IOCCP3                  (abs)        0078E3
_IOCCP5                  (abs)        0078E5
_IOCIE                   (abs)        007614
_IOCIF                   (abs)        007654
_IOCIP                   (abs)        0075D4
_IPEN                    (abs)        007F95
_LATAbits                (abs)        000F83
_LATBbits                (abs)        000F84
_LATDbits                (abs)        000F86
_LATEbits                (abs)        000F87
_NVMADRH                 (abs)        000F7F
_NVMADRL                 (abs)        000F7E
_NVMCON1bits             (abs)        000F81
_NVMCON2                 (abs)        000F82
_NVMDAT                  (abs)        000F80
_PEIE                    (abs)        007F96
_PORTAbits               (abs)        000F8D
_PORTBbits               (abs)        000F8E
_PORTCbits               (abs)        000F8F
_PORTDbits               (abs)        000F90
_RC1IE                   (abs)        00762D
_RC1IF                   (abs)        00766D
_RC1IP                   (abs)        0075ED
_RC1PPS                  (abs)        000EF8
_RC2IE                   (abs)        00762F
_RC2IF                   (abs)        00766F
_RC2IP                   (abs)        0075EF
_RC2REG                  (abs)        000E99
_RC3PPS                  (abs)        000EFA
_RC4PPS                  (abs)        000EFB
_RC6PPS                  (abs)        000EFD
_RC7PPS                  (abs)        000EFE
_RCSTA1bits              (abs)        000F9D
_RCSTA2bits              (abs)        000E9D
_RD1PPS                  (abs)        000F00
_READ                    bssCOMRAM    000049
_RX1PPS                  (abs)        000EB5
_RX2PPS                  (abs)        000E8D
_SPBRG1                  (abs)        000F9B
_SPBRG2                  (abs)        000E9B
_SSP1ADD                 (abs)        000F93
_SSP1BUF                 (abs)        000F92
_SSP1CLKPPS              (abs)        000EB7
_SSP1CON1                (abs)        000F96
_SSP1CON2bits            (abs)        000F97
_SSP1CON3                (abs)        000F98
_SSP1DATPPS              (abs)        000EB8
_SSP1IE                  (abs)        007628
_SSP1IF                  (abs)        007668
_SSP1IP                  (abs)        0075E8
_SSP1STAT                (abs)        000F95
_SSP1_ADD_ISR            bssCOMRAM    000047
_SSP1_DATA_ISR           bssCOMRAM    000045
_SSP1_REG_ISR            bssCOMRAM    000046
_T1CON                   (abs)        000FCF
_T2CLKCON                (abs)        000FBF
_T2CON                   (abs)        000FBD
_T2PR                    (abs)        000FBC
_T5CON                   (abs)        000FC3
_T6CLKCON                (abs)        000FB3
_T6CON                   (abs)        000FB1
_TMR0IE                  (abs)        007615
_TMR0IP                  (abs)        0075D5
_TMR1                    (abs)        000FCD
_TMR1CLK                 (abs)        000FD2
_TMR1IE                  (abs)        007630
_TMR1IF                  (abs)        007670
_TMR1IP                  (abs)        0075F0
_TMR2IE                  (abs)        007631
_TMR2IP                  (abs)        0075F1
_TMR3IE                  (abs)        007632
_TMR3IP                  (abs)        0075F2
_TMR4IE                  (abs)        007633
_TMR4IP                  (abs)        0075F3
_TMR5                    (abs)        000FC1
_TMR5CLK                 (abs)        000FC6
_TMR5IE                  (abs)        007634
_TMR5IF                  (abs)        007674
_TMR5IP                  (abs)        0075F4
_TMR6IE                  (abs)        007635
_TMR6IF                  (abs)        007675
_TMR6IP                  (abs)        0075F5
_TRISA                   (abs)        000F88
_TRISB                   (abs)        000F89
_TRISC                   (abs)        000F8A
_TRISD                   (abs)        000F8B
_TRISE                   (abs)        000F8C
_TX2REG                  (abs)        000E9A
_TXSTA1bits              (abs)        000F9E
_TXSTA2bits              (abs)        000E9E
_WPUA                    (abs)        000F10
_WPUB                    (abs)        000F18
_WPUC                    (abs)        000F20
_WPUD                    (abs)        000F25
_WPUE                    (abs)        000F2D
_WRITE                   bssCOMRAM    000048
__HRAM                   (abs)        000000
__H__absolute__          __absolute__ 000000
__Habs1                  abs1         000000
__Hbank0                 bank0        000000
__Hbank1                 bank1        000000
__Hbank10                bank10       000000
__Hbank11                bank11       000000
__Hbank12                bank12       000000
__Hbank13                bank13       000000
__Hbank14                bank14       000000
__Hbank2                 bank2        000000
__Hbank3                 bank3        000000
__Hbank4                 bank4        000000
__Hbank5                 bank5        000000
__Hbank6                 bank6        000000
__Hbank7                 bank7        000000
__Hbank8                 bank8        000000
__Hbank9                 bank9        000000
__Hbigbss                bigbss       000000
__Hbigdata               bigdata      000000
__Hbigram                bigram       000000
__Hbigsfr                bigsfr       000000
__Hbss                   bss          000000
__HbssBANK0              bssBANK0     000000
__HbssCOMRAM             bssCOMRAM    000000
__Hcinit                 cinit        000000
__Hclrtext               clrtext      000000
__Hcomram                comram       000000
__Hconfig                config       30000C
__Hconst                 const        000000
__HcstackBANK0           cstackBANK0  000000
__HcstackCOMRAM          cstackCOMRAM 000000
__Hdata                  data         000000
__HdataBANK0             dataBANK0    000000
__HdataCOMRAM            dataCOMRAM   000000
__Heeprom_data           eeprom_data  000000
__Hfarbss                farbss       000000
__Hfardata               fardata      000000
__Hheap                  heap         000000
__Hibigdata              ibigdata     000000
__Hidata                 idata        000000
__HidataBANK0            idataBANK0   000000
__HidataCOMRAM           idataCOMRAM  000000
__Hidloc                 idloc        000000
__Hifardata              ifardata     000000
__Hinit                  init         000124
__Hintcode               intcode      00000E
__Hintcode_body          intcode_body 000000
__Hintcodelo             intcodelo    000120
__Hintentry              intentry     000000
__Hintret                intret       000000
__Hintsave_regs          intsave_regs 000000
__Hirdata                irdata       000000
__Hmediumconst           mediumconst  000000
__HnvFARRAM              nvFARRAM     000000
__Hnvbit                 nvbit        000000
__Hnvrram                nvrram       000000
__Hparam                 rparam       000000
__Hpowerup               powerup      000120
__Hram                   ram          000000
__Hramtop                ramtop       000F00
__Hrbit                  rbit         000000
__Hrbss                  rbss         000000
__Hrdata                 rdata        000000
__Hreset_vec             reset_vec    000004
__Hrparam                rparam       000000
__Hsfr                   sfr          000000
__Hsivt_hi               sivt_hi      000000
__Hsivt_lo               sivt_lo      000000
__Hsmallconst            smallconst   000F24
__Hspace_0               (abs)        003BCC
__Hspace_1               (abs)        0000C2
__Hspace_2               (abs)        000000
__Hspace_4               (abs)        60000C
__Hstack                 stack        000000
__Hstruct                struct       000000
__Htemp                  temp         00004E
__Htext                  text         000000
__Htext0                 text0        000000
__Htext1                 text1        000000
__Htext10                text10       000000
__Htext11                text11       000000
__Htext12                text12       000000
__Htext13                text13       000000
__Htext14                text14       000000
__Htext15                text15       000000
__Htext16                text16       000000
__Htext17                text17       000000
__Htext18                text18       000000
__Htext19                text19       000000
__Htext2                 text2        000000
__Htext20                text20       000000
__Htext21                text21       000000
__Htext22                text22       000000
__Htext23                text23       000000
__Htext24                text24       000000
__Htext25                text25       000000
__Htext27                text27       000000
__Htext28                text28       000000
__Htext29                text29       000000
__Htext3                 text3        000000
__Htext30                text30       000000
__Htext31                text31       000000
__Htext32                text32       000000
__Htext33                text33       000000
__Htext34                text34       000000
__Htext35                text35       000000
__Htext37                text37       000000
__Htext38                text38       000000
__Htext39                text39       000000
__Htext4                 text4        000000
__Htext5                 text5        000000
__Htext6                 text6        000000
__Htext7                 text7        000000
__Htext8                 text8        000000
__Htext9                 text9        000000
__LRAM                   (abs)        000001
__L__absolute__          __absolute__ 000000
__Labs1                  abs1         000000
__Lbank0                 bank0        000000
__Lbank1                 bank1        000000
__Lbank10                bank10       000000
__Lbank11                bank11       000000
__Lbank12                bank12       000000
__Lbank13                bank13       000000
__Lbank14                bank14       000000
__Lbank2                 bank2        000000
__Lbank3                 bank3        000000
__Lbank4                 bank4        000000
__Lbank5                 bank5        000000
__Lbank6                 bank6        000000
__Lbank7                 bank7        000000
__Lbank8                 bank8        000000
__Lbank9                 bank9        000000
__Lbigbss                bigbss       000000
__Lbigdata               bigdata      000000
__Lbigram                bigram       000000
__Lbigsfr                bigsfr       000000
__Lbss                   bss          000000
__LbssBANK0              bssBANK0     000000
__LbssCOMRAM             bssCOMRAM    000000
__Lcinit                 cinit        000000
__Lclrtext               clrtext      000000
__Lcomram                comram       000000
__Lconfig                config       000000
__Lconst                 const        000000
__LcstackBANK0           cstackBANK0  000000
__LcstackCOMRAM          cstackCOMRAM 000000
__Ldata                  data         000000
__LdataBANK0             dataBANK0    000000
__LdataCOMRAM            dataCOMRAM   000000
__Leeprom_data           eeprom_data  000000
__Lfarbss                farbss       000000
__Lfardata               fardata      000000
__Lheap                  heap         000000
__Libigdata              ibigdata     000000
__Lidata                 idata        000000
__LidataBANK0            idataBANK0   000000
__LidataCOMRAM           idataCOMRAM  000000
__Lidloc                 idloc        000000
__Lifardata              ifardata     000000
__Linit                  init         000120
__Lintcode               intcode      000008
__Lintcode_body          intcode_body 000000
__Lintcodelo             intcodelo    000018
__Lintentry              intentry     000000
__Lintret                intret       000000
__Lintsave_regs          intsave_regs 000000
__Lirdata                irdata       000000
__Lmediumconst           mediumconst  000000
__LnvFARRAM              nvFARRAM     000000
__Lnvbit                 nvbit        000000
__Lnvrram                nvrram       000000
__Lparam                 rparam       000000
__Lpowerup               powerup      000120
__Lram                   ram          000000
__Lramtop                ramtop       000F00
__Lrbit                  rbit         000000
__Lrbss                  rbss         000000
__Lrdata                 rdata        000000
__Lreset_vec             reset_vec    000000
__Lrparam                rparam       000000
__Lsfr                   sfr          000000
__Lsivt_hi               sivt_hi      000000
__Lsivt_lo               sivt_lo      000000
__Lsmallconst            smallconst   000F00
__Lspace_0               (abs)        000000
__Lspace_1               (abs)        000000
__Lspace_2               (abs)        000000
__Lspace_4               (abs)        000000
__Lstack                 stack        000000
__Lstruct                struct       000000
__Ltemp                  temp         00004D
__Ltext                  text         000000
__Ltext0                 text0        000000
__Ltext1                 text1        000000
__Ltext10                text10       000000
__Ltext11                text11       000000
__Ltext12                text12       000000
__Ltext13                text13       000000
__Ltext14                text14       000000
__Ltext15                text15       000000
__Ltext16                text16       000000
__Ltext17                text17       000000
__Ltext18                text18       000000
__Ltext19                text19       000000
__Ltext2                 text2        000000
__Ltext20                text20       000000
__Ltext21                text21       000000
__Ltext22                text22       000000
__Ltext23                text23       000000
__Ltext24                text24       000000
__Ltext25                text25       000000
__Ltext27                text27       000000
__Ltext28                text28       000000
__Ltext29                text29       000000
__Ltext3                 text3        000000
__Ltext30                text30       000000
__Ltext31                text31       000000
__Ltext32                text32       000000
__Ltext33                text33       000000
__Ltext34                text34       000000
__Ltext35                text35       000000
__Ltext37                text37       000000
__Ltext38                text38       000000
__Ltext39                text39       000000
__Ltext4                 text4        000000
__Ltext5                 text5        000000
__Ltext6                 text6        000000
__Ltext7                 text7        000000
__Ltext8                 text8        000000
__Ltext9                 text9        000000
__S0                     (abs)        003BCC
__S1                     (abs)        0000C2
__S4                     (abs)        000000
__S5                     (abs)        000000
___aldiv                 text39       0024C2
___aldiv@counter         cstackCOMRAM 000009
___aldiv@dividend        cstackCOMRAM 000001
___aldiv@divisor         cstackCOMRAM 000005
___aldiv@quotient        cstackCOMRAM 00000B
___aldiv@sign            cstackCOMRAM 00000A
___awdiv                 text35       00364A
___awdiv@counter         cstackCOMRAM 00001D
___awdiv@dividend        cstackCOMRAM 000019
___awdiv@divisor         cstackCOMRAM 00001B
___awdiv@quotient        cstackCOMRAM 00001F
___awdiv@sign            cstackCOMRAM 00001E
___awmod                 text34       00388A
___awmod@counter         cstackCOMRAM 000017
___awmod@dividend        cstackCOMRAM 000013
___awmod@divisor         cstackCOMRAM 000015
___awmod@sign            cstackCOMRAM 000018
___fldiv                 text25       001736
___fldiv@a               cstackBANK0  000084
___fldiv@aexp            cstackBANK0  000098
___fldiv@b               cstackBANK0  000080
___fldiv@bexp            cstackBANK0  000097
___fldiv@grs             cstackBANK0  000093
___fldiv@new_exp         cstackBANK0  000091
___fldiv@rem             cstackBANK0  00008C
___fldiv@sign            cstackBANK0  000090
___fltol                 text24       0025CE
___fltol@exp1            cstackBANK0  0000A2
___fltol@f1              cstackBANK0  000099
___fltol@sign1           cstackBANK0  0000A1
___heap_hi               (abs)        000000
___heap_lo               (abs)        000000
___inthi_sp              stack        000000
___inthi_stack_hi        stack        000000
___inthi_stack_lo        stack        000000
___intlo_sp              stack        000000
___intlo_stack_hi        stack        000000
___intlo_stack_lo        stack        000000
___param_bank            (abs)        000000
___rparam_used           (abs)        000001
___sp                    stack        000000
___stack_hi              stack        000000
___stack_lo              stack        000000
___wmul                  text38       003B68
___wmul@multiplicand     cstackCOMRAM 000003
___wmul@multiplier       cstackCOMRAM 000001
___wmul@product          cstackCOMRAM 000005
___xxtofl                text23       002156
___xxtofl@arg            cstackBANK0  00007C
___xxtofl@exp            cstackBANK0  00007B
___xxtofl@sign           cstackBANK0  00007A
___xxtofl@val            cstackBANK0  000072
__accesstop              (abs)        000060
__activetblptr           (abs)        000003
__end_of_A2              text22       0032F6
__end_of_A3              text21       00321E
__end_of_B2              text20       003578
__end_of_B3              text19       003146
__end_of_C2              text18       00306E
__end_of_C3              text17       0034A2
__end_of_C4              text16       002F96
__end_of_D2              text15       0033CC
__end_of_D3              text14       002EBE
__end_of_E2              text13       002DE6
__end_of_E3              text12       002D0E
__end_of_F2              text11       002C36
__end_of_F3              text10       002B5E
__end_of_G2              text9        0029AE
__end_of_G3              text8        002A86
__end_of___aldiv         text39       0025CE
__end_of___awdiv         text35       00370E
__end_of___awmod         text34       00393A
__end_of___fldiv         text25       001AD2
__end_of___fltol         text24       0026D6
__end_of___wmul          text38       003B8E
__end_of___xxtofl        text23       00230E
__end_of__initialization cinit        003A36
__end_of_clearLCD        text4        003BAE
__end_of_gotoLCD         text5        003B36
__end_of_init            text1        002156
__end_of_initLCD         text3        0028D4
__end_of_lcdNibble       text7        00388A
__end_of_lcdPrint        text2        003A84
__end_of_lcdWrite        text6        003AC6
__end_of_main            text0        003BC2
__end_of_myHighIsr       intcode_body 001736
__end_of_myLowIsr        intcodelo    000120
__end_ofi1_C3            text30       00364A
__end_ofi1___fldiv       text33       001E6C
__end_ofi1___fltol       text32       0027DE
__end_ofi1___xxtofl      text31       0024C2
__end_ofi1_gotoLCD       text27       003B68
__end_ofi1_lcdNibble     text29       0039E6
__end_ofi1_lcdWrite      text28       003B00
__end_ofi2___awdiv       text37       0037D2
__initialization         cinit        0039E6
__mediumconst            mediumconst  000000
__pbssBANK0              bssBANK0     0000AA
__pbssCOMRAM             bssCOMRAM    00003B
__pcinit                 cinit        0039E6
__pcstackBANK0           cstackBANK0  000060
__pcstackCOMRAM          cstackCOMRAM 000001
__pdataBANK0             dataBANK0    0000BA
__pdataCOMRAM            dataCOMRAM   00004B
__pidataBANK0            idataBANK0   003BC2
__pidataCOMRAM           idataCOMRAM  003BCA
__pintcode               intcode      000008
__pintcode_body          intcode_body 000F24
__pintcodelo             intcodelo    000018
__psmallconst            smallconst   000F00
__ptext0                 text0        003BAE
__ptext1                 text1        001E6C
__ptext10                text10       002A86
__ptext11                text11       002B5E
__ptext12                text12       002C36
__ptext13                text13       002D0E
__ptext14                text14       002DE6
__ptext15                text15       0032F6
__ptext16                text16       002EBE
__ptext17                text17       0033CC
__ptext18                text18       002F96
__ptext19                text19       00306E
__ptext2                 text2        003A40
__ptext20                text20       0034A2
__ptext21                text21       003146
__ptext22                text22       00321E
__ptext23                text23       002156
__ptext24                text24       0025CE
__ptext25                text25       001736
__ptext27                text27       003B36
__ptext28                text28       003AC6
__ptext29                text29       00393A
__ptext3                 text3        0027DE
__ptext30                text30       003578
__ptext31                text31       00230E
__ptext32                text32       0026D6
__ptext33                text33       001AD2
__ptext34                text34       00388A
__ptext35                text35       00364A
__ptext37                text37       00370E
__ptext38                text38       003B68
__ptext39                text39       0024C2
__ptext4                 text4        003B8E
__ptext5                 text5        003B00
__ptext6                 text6        003A84
__ptext7                 text7        0037D2
__ptext8                 text8        0029AE
__ptext9                 text9        0028D4
__ramtop                 ramtop       000F00
__smallconst             smallconst   000F00
_clearLCD                text4        003B8E
_consigne                bssBANK0     0000B8
_consigned               bssBANK0     0000B0
_consigneg               bssBANK0     0000B2
_erreurd                 bssBANK0     0000B4
_erreurg                 bssBANK0     0000B6
_gotoLCD                 text5        003B00
_i                       bssBANK0     0000AE
_init                    text1        001E6C
_initLCD                 text3        0027DE
_j                       bssBANK0     0000AA
_kim                     dataCOMRAM   00004B
_kpm                     dataCOMRAM   00004C
_lcdNibble               text7        0037D2
_lcdPrint                text2        003A40
_lcdWrite                text6        003A84
_main                    text0        003BAE
_myHighIsr               intcode      000008
_myLowIsr                intcodelo    000018
_pwmdc                   bssCOMRAM    00003B
_pwmgc                   bssCOMRAM    00003D
_sigmaerreurd            bssCOMRAM    00003F
_sigmaerreurg            bssCOMRAM    000041
_tempsd                  dataBANK0    0000BA
_tempsg                  dataBANK0    0000BE
_testlecture             bssBANK0     0000B9
btemp                    temp         00004D
end_of_initialization    cinit        003A36
gotoLCD@colonne          cstackBANK0  000076
gotoLCD@ligne            cstackBANK0  000077
i1C3@DUREE               cstackBANK0  00006A
i1_C3                    text30       003578
i1___fldiv               text33       001AD2
i1___fldiv@a             cstackCOMRAM 000025
i1___fldiv@aexp          cstackCOMRAM 000039
i1___fldiv@b             cstackCOMRAM 000021
i1___fldiv@bexp          cstackCOMRAM 000038
i1___fldiv@grs           cstackCOMRAM 000034
i1___fldiv@new_exp       cstackCOMRAM 000032
i1___fldiv@rem           cstackCOMRAM 00002D
i1___fldiv@sign          cstackCOMRAM 000031
i1___fltol               text32       0026D6
i1___fltol@exp1          cstackBANK0  000069
i1___fltol@f1            cstackBANK0  000060
i1___fltol@sign1         cstackBANK0  000068
i1___xxtofl              text31       00230E
i1___xxtofl@arg          cstackCOMRAM 00001D
i1___xxtofl@exp          cstackCOMRAM 00001C
i1___xxtofl@sign         cstackCOMRAM 00001B
i1___xxtofl@val          cstackCOMRAM 000013
i1_gotoLCD               text27       003B36
i1_lcdNibble             text29       00393A
i1_lcdWrite              text28       003AC6
i1gotoLCD@colonne        cstackCOMRAM 000023
i1gotoLCD@ligne          cstackCOMRAM 000024
i1lcdNibble@nibble       cstackCOMRAM 000014
i1lcdWrite@byte          cstackCOMRAM 000022
i1lcdWrite@type          cstackCOMRAM 000021
i2___awdiv               text37       00370E
i2___awdiv@counter       cstackCOMRAM 00000B
i2___awdiv@dividend      cstackCOMRAM 000007
i2___awdiv@divisor       cstackCOMRAM 000009
i2___awdiv@quotient      cstackCOMRAM 00000D
i2___awdiv@sign          cstackCOMRAM 00000C
int$flags                temp         00004D
int_func                 intcode_body 000F24
intlevel0                text         000000
intlevel1                text         000000
intlevel2                text         000000
intlevel3                text         000000
isa$std                  (abs)        000001
isa$xinst                (abs)        000000
lcdNibble@nibble         cstackBANK0  000073
lcdPrint@t               cstackBANK0  000076
lcdWrite@byte            cstackBANK0  000075
lcdWrite@type            cstackBANK0  000074
myLowIsr@test            cstackBANK0  000071
stackhi                  (abs)        000000
stacklo                  (abs)        000000
start                    init         000120
start_initialization     cinit        0039E6
ttemp5                   temp         00004E
ttemp6                   temp         000051
ttemp7                   temp         000055
wtemp8                   temp         00004E


MODULE INFORMATION

Module		Function		Class		Link	Load	Size
C:\Program Files\Microchip\xc8\v2.46\pic\sources\c99\common\fltol.c
		___fltol       		CODE           	25CE	0000	264

C:\Program Files\Microchip\xc8\v2.46\pic\sources\c99\common\fltol.c estimated size: 264

C:\Program Files\Microchip\xc8\v2.46\pic\sources\c99\common\awdiv.c
		___awdiv       		CODE           	364A	0000	196

C:\Program Files\Microchip\xc8\v2.46\pic\sources\c99\common\awdiv.c estimated size: 196

C:\Program Files\Microchip\xc8\v2.46\pic\sources\c99\common\xxtofl.c
		___xxtofl      		CODE           	2156	0000	440

C:\Program Files\Microchip\xc8\v2.46\pic\sources\c99\common\xxtofl.c estimated size: 440

C:\Program Files\Microchip\xc8\v2.46\pic\sources\c99\common\aldiv.c
		___aldiv       		CODE           	24C2	0000	268

C:\Program Files\Microchip\xc8\v2.46\pic\sources\c99\common\aldiv.c estimated size: 268

C:\Program Files\Microchip\xc8\v2.46\pic\sources\c99\common\sprcdiv.c
		___fldiv       		CODE           	1736	0000	924

C:\Program Files\Microchip\xc8\v2.46\pic\sources\c99\common\sprcdiv.c estimated size: 924

./LCD.c
		_lcdNibble     		CODE           	37D2	0000	184
		_lcdWrite      		CODE           	3A84	0000	66
		_lcdPrint      		CODE           	3A40	0000	68
		_initLCD       		CODE           	27DE	0000	246
		_clearLCD      		CODE           	3B8E	0000	32
		_gotoLCD       		CODE           	3B00	0000	54

./LCD.c estimated size: 650

2emeAlidar.c
		_init          		CODE           	1E6C	0000	746
		_main          		CODE           	3BAE	0000	20
		_myLowIsr      		CODE           	0018	0000	264
		_myHighIsr     		CODE           	0008	0000	2072
		_A2            		CODE           	321E	0000	216
		_B2            		CODE           	34A2	0000	214
		_A3            		CODE           	3146	0000	216
		_C2            		CODE           	2F96	0000	216
		_B3            		CODE           	306E	0000	216
		_D2            		CODE           	32F6	0000	214
		_C3            		CODE           	33CC	0000	214
		_E2            		CODE           	2D0E	0000	216
		_D3            		CODE           	2DE6	0000	216
		_F2            		CODE           	2B5E	0000	216
		_C4            		CODE           	2EBE	0000	216
		_E3            		CODE           	2C36	0000	216
		_G2            		CODE           	28D4	0000	218
		_F3            		CODE           	2A86	0000	216
		_G3            		CODE           	29AE	0000	216

2emeAlidar.c estimated size: 6338

shared
		i1_gotoLCD     		CODE           	3B36	0000	50
		i1_lcdNibble   		CODE           	393A	0000	172
		i2___awdiv     		CODE           	370E	0000	196
		i1_lcdWrite    		CODE           	3AC6	0000	58
		i1___fldiv     		CODE           	1AD2	0000	922
		i1___fltol     		CODE           	26D6	0000	264
		__initialization		CODE           	39E6	0000	80
		i1___xxtofl    		CODE           	230E	0000	436
		i1_C3          		CODE           	3578	0000	210

shared estimated size: 2388

C:\Program Files\Microchip\xc8\v2.46\pic\sources\c99\common\Umul16.c
		___wmul        		CODE           	3B68	0000	38

C:\Program Files\Microchip\xc8\v2.46\pic\sources\c99\common\Umul16.c estimated size: 38

C:\Program Files\Microchip\xc8\v2.46\pic\sources\c99\common\awmod.c
		___awmod       		CODE           	388A	0000	176

C:\Program Files\Microchip\xc8\v2.46\pic\sources\c99\common\awmod.c estimated size: 176

